// Jest Snapshot v1, https://goo.gl/fbAQLP

exports[` 1`] = `null`;

exports[`Todoのレンダー Todo renders snapshot 1`] = `
<div>
  <div>
    <div
      class="header"
    >
      <h1>
        TODO
      </h1>
      <div>
        <button
          class="MuiButtonBase-root MuiButton-root MuiButton-text newBtn"
          tabindex="0"
          type="button"
        >
          <span
            class="MuiButton-label"
          >
            new
          </span>
          <span
            class="MuiTouchRipple-root"
          />
        </button>
      </div>
    </div>
    <div
      class="content"
    >
      <div
        class="todos"
      >
        <div
          class="todos"
        >
          <div
            class="todoContainer"
          >
            <h2 />
            <p>
              content1
            </p>
            <div>
              <button
                class="MuiButtonBase-root MuiButton-root MuiButton-text detailBtn"
                tabindex="0"
                type="button"
              >
                <span
                  class="MuiButton-label"
                >
                  detail
                </span>
                <span
                  class="MuiTouchRipple-root"
                />
              </button>
              <button
                class="MuiButtonBase-root MuiButton-root MuiButton-text editBtn"
                tabindex="0"
                type="button"
              >
                <span
                  class="MuiButton-label"
                >
                  edit
                </span>
                <span
                  class="MuiTouchRipple-root"
                />
              </button>
              <button
                class="MuiButtonBase-root MuiButton-root MuiButton-text delBtn"
                tabindex="0"
                type="button"
              >
                <span
                  class="MuiButton-label"
                >
                  Delete
                </span>
                <span
                  class="MuiTouchRipple-root"
                />
              </button>
            </div>
          </div>
          <div
            class="todoContainer"
          >
            <h2 />
            <p>
              content2
            </p>
            <div>
              <button
                class="MuiButtonBase-root MuiButton-root MuiButton-text detailBtn"
                tabindex="0"
                type="button"
              >
                <span
                  class="MuiButton-label"
                >
                  detail
                </span>
                <span
                  class="MuiTouchRipple-root"
                />
              </button>
              <button
                class="MuiButtonBase-root MuiButton-root MuiButton-text editBtn"
                tabindex="0"
                type="button"
              >
                <span
                  class="MuiButton-label"
                >
                  edit
                </span>
                <span
                  class="MuiTouchRipple-root"
                />
              </button>
              <button
                class="MuiButtonBase-root MuiButton-root MuiButton-text delBtn"
                tabindex="0"
                type="button"
              >
                <span
                  class="MuiButton-label"
                >
                  Delete
                </span>
                <span
                  class="MuiTouchRipple-root"
                />
              </button>
            </div>
          </div>
        </div>
      </div>
    </div>
  </div>
</div>
`;
